type=DAEMON_ROTATE msg=audit(1788718369.606:7080): op=rotate-logs auid=1000 uid=0 ses=4 pid=3192 subj=unconfined res=successAUID="analyst" UID="root"
type=USER_END msg=audit(1788718369.604:702): pid=3190 uid=1000 auid=1000 ses=4 subj=unconfined msg='op=PAM:session_close grantors=pam_limits,pam_env,pam_env,pam_permit,pam_umask,pam_unix acct="root" exe="/usr/bin/sudo" hostname=? addr=? terminal=/dev/pts/0 res=success'UID="analyst" AUID="analyst"
type=CRED_DISP msg=audit(1788718369.604:703): pid=3190 uid=1000 auid=1000 ses=4 subj=unconfined msg='op=PAM:setcred grantors=pam_permit acct="root" exe="/usr/bin/sudo" hostname=? addr=? terminal=/dev/pts/0 res=success'UID="analyst" AUID="analyst"
type=USER_ACCT msg=audit(1788718375.756:704): pid=3195 uid=1000 auid=1000 ses=4 subj=unconfined msg='op=PAM:accounting grantors=pam_permit acct="analyst" exe="/usr/bin/sudo" hostname=? addr=? terminal=/dev/pts/0 res=success'UID="analyst" AUID="analyst"
type=USER_CMD msg=audit(1788718375.756:705): pid=3195 uid=1000 auid=1000 ses=4 subj=unconfined msg='cwd="/home/analyst" cmd=6C73202D6C68202F7661722F6C6F672F61756469742F61756469742E6C6F67202F7661722F6C6F672F61756469742F61756469742E6C6F672E31 exe="/usr/bin/sudo" terminal=pts/0 res=success'UID="analyst" AUID="analyst"
type=CRED_REFR msg=audit(1788718375.757:706): pid=3195 uid=1000 auid=1000 ses=4 subj=unconfined msg='op=PAM:setcred grantors=pam_permit,pam_cap acct="root" exe="/usr/bin/sudo" hostname=? addr=? terminal=/dev/pts/0 res=success'UID="analyst" AUID="analyst"
type=USER_START msg=audit(1788718375.757:707): pid=3195 uid=1000 auid=1000 ses=4 subj=unconfined msg='op=PAM:session_open grantors=pam_limits,pam_env,pam_env,pam_permit,pam_umask,pam_unix acct="root" exe="/usr/bin/sudo" hostname=? addr=? terminal=/dev/pts/0 res=success'UID="analyst" AUID="analyst"
type=USER_END msg=audit(1788718375.760:708): pid=3195 uid=1000 auid=1000 ses=4 subj=unconfined msg='op=PAM:session_close grantors=pam_limits,pam_env,pam_env,pam_permit,pam_umask,pam_unix acct="root" exe="/usr/bin/sudo" hostname=? addr=? terminal=/dev/pts/0 res=success'UID="analyst" AUID="analyst"
type=CRED_DISP msg=audit(1788718375.760:709): pid=3195 uid=1000 auid=1000 ses=4 subj=unconfined msg='op=PAM:setcred grantors=pam_permit acct="root" exe="/usr/bin/sudo" hostname=? addr=? terminal=/dev/pts/0 res=success'UID="analyst" AUID="analyst"
type=USER_ACCT msg=audit(1788718381.829:710): pid=3198 uid=0 auid=4294967295 ses=4294967295 subj=unconfined msg='op=PAM:accounting grantors=pam_permit acct="root" exe="/usr/sbin/cron" hostname=? addr=? terminal=cron res=success'UID="root" AUID="unset"
type=CRED_ACQ msg=audit(1788718381.833:711): pid=3198 uid=0 auid=4294967295 ses=4294967295 subj=unconfined msg='op=PAM:setcred grantors=pam_permit,pam_cap acct="root" exe="/usr/sbin/cron" hostname=? addr=? terminal=cron res=success'UID="root" AUID="unset"
type=LOGIN msg=audit(1788718381.833:712): pid=3198 uid=0 subj=unconfined old-auid=4294967295 auid=0 tty=(none) old-ses=4294967295 ses=45 res=1UID="root" OLD-AUID="unset" AUID="root"
type=SYSCALL msg=audit(1788718381.833:712): arch=c000003e syscall=1 success=yes exit=1 a0=7 a1=7fff8ab13e80 a2=1 a3=0 items=0 ppid=864 pid=3198 auid=0 uid=0 gid=0 euid=0 suid=0 fsuid=0 egid=0 sgid=0 fsgid=0 tty=(none) ses=45 comm="cron" exe="/usr/sbin/cron" subj=unconfined key=(null)ARCH=x86_64 SYSCALL=write AUID="root" UID="root" GID="root" EUID="root" SUID="root" FSUID="root" EGID="root" SGID="root" FSGID="root"
type=PROCTITLE msg=audit(1788718381.833:712): proctitle=2F7573722F7362696E2F43524F4E002D66002D50
type=USER_START msg=audit(1788718381.833:713): pid=3198 uid=0 auid=0 ses=45 subj=unconfined msg='op=PAM:session_open grantors=pam_loginuid,pam_env,pam_env,pam_permit,pam_umask,pam_unix,pam_limits acct="root" exe="/usr/sbin/cron" hostname=? addr=? terminal=cron res=success'UID="root" AUID="root"
type=CRED_REFR msg=audit(1788718381.837:714): pid=3199 uid=0 auid=0 ses=45 subj=unconfined msg='op=PAM:setcred grantors=pam_permit,pam_cap acct="root" exe="/usr/sbin/cron" hostname=? addr=? terminal=cron res=success'UID="root" AUID="root"
type=CRED_DISP msg=audit(1788718381.855:715): pid=3198 uid=0 auid=0 ses=45 subj=unconfined msg='op=PAM:setcred grantors=pam_permit acct="root" exe="/usr/sbin/cron" hostname=? addr=? terminal=cron res=success'UID="root" AUID="root"
type=USER_END msg=audit(1788718381.855:716): pid=3198 uid=0 auid=0 ses=45 subj=unconfined msg='op=PAM:session_close grantors=pam_loginuid,pam_env,pam_env,pam_permit,pam_umask,pam_unix,pam_limits acct="root" exe="/usr/sbin/cron" hostname=? addr=? terminal=cron res=success'UID="root" AUID="root"
type=USER_ACCT msg=audit(1788718415.397:717): pid=3208 uid=1000 auid=1000 ses=4 subj=unconfined msg='op=PAM:accounting grantors=pam_permit acct="analyst" exe="/usr/bin/sudo" hostname=? addr=? terminal=/dev/pts/0 res=success'UID="analyst" AUID="analyst"
type=USER_CMD msg=audit(1788718415.397:718): pid=3208 uid=1000 auid=1000 ses=4 subj=unconfined msg='cwd="/home/analyst" cmd=617564697463746C202D6C exe="/usr/bin/sudo" terminal=pts/0 res=success'UID="analyst" AUID="analyst"
type=CRED_REFR msg=audit(1788718415.402:719): pid=3208 uid=1000 auid=1000 ses=4 subj=unconfined msg='op=PAM:setcred grantors=pam_permit,pam_cap acct="root" exe="/usr/bin/sudo" hostname=? addr=? terminal=/dev/pts/0 res=success'UID="analyst" AUID="analyst"
type=USER_START msg=audit(1788718415.404:720): pid=3208 uid=1000 auid=1000 ses=4 subj=unconfined msg='op=PAM:session_open grantors=pam_limits,pam_env,pam_env,pam_permit,pam_umask,pam_unix acct="root" exe="/usr/bin/sudo" hostname=? addr=? terminal=/dev/pts/0 res=success'UID="analyst" AUID="analyst"
type=USER_END msg=audit(1788718415.409:721): pid=3208 uid=1000 auid=1000 ses=4 subj=unconfined msg='op=PAM:session_close grantors=pam_limits,pam_env,pam_env,pam_permit,pam_umask,pam_unix acct="root" exe="/usr/bin/sudo" hostname=? addr=? terminal=/dev/pts/0 res=success'UID="analyst" AUID="analyst"
type=CRED_DISP msg=audit(1788718415.409:722): pid=3208 uid=1000 auid=1000 ses=4 subj=unconfined msg='op=PAM:setcred grantors=pam_permit acct="root" exe="/usr/bin/sudo" hostname=? addr=? terminal=/dev/pts/0 res=success'UID="analyst" AUID="analyst"
type=USER_ACCT msg=audit(1788718515.729:723): pid=3217 uid=0 auid=4294967295 ses=4294967295 subj=unconfined msg='op=PAM:accounting grantors=pam_permit acct="root" exe="/usr/sbin/cron" hostname=? addr=? terminal=cron res=success'UID="root" AUID="unset"
type=CRED_ACQ msg=audit(1788718515.732:724): pid=3217 uid=0 auid=4294967295 ses=4294967295 subj=unconfined msg='op=PAM:setcred grantors=pam_permit,pam_cap acct="root" exe="/usr/sbin/cron" hostname=? addr=? terminal=cron res=success'UID="root" AUID="unset"
type=LOGIN msg=audit(1788718515.734:725): pid=3217 uid=0 subj=unconfined old-auid=4294967295 auid=0 tty=(none) old-ses=4294967295 ses=46 res=1UID="root" OLD-AUID="unset" AUID="root"
type=SYSCALL msg=audit(1788718515.734:725): arch=c000003e syscall=1 success=yes exit=1 a0=7 a1=7fff8ab13e80 a2=1 a3=0 items=0 ppid=864 pid=3217 auid=0 uid=0 gid=0 euid=0 suid=0 fsuid=0 egid=0 sgid=0 fsgid=0 tty=(none) ses=46 comm="cron" exe="/usr/sbin/cron" subj=unconfined key=(null)ARCH=x86_64 SYSCALL=write AUID="root" UID="root" GID="root" EUID="root" SUID="root" FSUID="root" EGID="root" SGID="root" FSGID="root"
type=PROCTITLE msg=audit(1788718515.734:725): proctitle=2F7573722F7362696E2F43524F4E002D66002D50
type=USER_START msg=audit(1788718515.734:726): pid=3217 uid=0 auid=0 ses=46 subj=unconfined msg='op=PAM:session_open grantors=pam_loginuid,pam_env,pam_env,pam_permit,pam_umask,pam_unix,pam_limits acct="root" exe="/usr/sbin/cron" hostname=? addr=? terminal=cron res=success'UID="root" AUID="root"
type=CRED_REFR msg=audit(1788718515.734:727): pid=3225 uid=0 auid=0 ses=46 subj=unconfined msg='op=PAM:setcred grantors=pam_permit,pam_cap acct="root" exe="/usr/sbin/cron" hostname=? addr=? terminal=cron res=success'UID="root" AUID="root"
type=CRED_DISP msg=audit(1788718515.775:728): pid=3217 uid=0 auid=0 ses=46 subj=unconfined msg='op=PAM:setcred grantors=pam_permit acct="root" exe="/usr/sbin/cron" hostname=? addr=? terminal=cron res=success'UID="root" AUID="root"
type=USER_END msg=audit(1788718515.775:729): pid=3217 uid=0 auid=0 ses=46 subj=unconfined msg='op=PAM:session_close grantors=pam_loginuid,pam_env,pam_env,pam_permit,pam_umask,pam_unix,pam_limits acct="root" exe="/usr/sbin/cron" hostname=? addr=? terminal=cron res=success'UID="root" AUID="root"
type=USER_ACCT msg=audit(1788718515.780:730): pid=3236 uid=0 auid=4294967295 ses=4294967295 subj=unconfined msg='op=PAM:accounting grantors=pam_permit acct="root" exe="/usr/sbin/cron" hostname=? addr=? terminal=cron res=success'UID="root" AUID="unset"
type=CRED_ACQ msg=audit(1788718515.780:731): pid=3236 uid=0 auid=4294967295 ses=4294967295 subj=unconfined msg='op=PAM:setcred grantors=pam_permit,pam_cap acct="root" exe="/usr/sbin/cron" hostname=? addr=? terminal=cron res=success'UID="root" AUID="unset"
type=LOGIN msg=audit(1788718515.780:732): pid=3236 uid=0 subj=unconfined old-auid=4294967295 auid=0 tty=(none) old-ses=4294967295 ses=47 res=1UID="root" OLD-AUID="unset" AUID="root"
type=SYSCALL msg=audit(1788718515.780:732): arch=c000003e syscall=1 success=yes exit=1 a0=7 a1=7fff8ab13e80 a2=1 a3=0 items=0 ppid=864 pid=3236 auid=0 uid=0 gid=0 euid=0 suid=0 fsuid=0 egid=0 sgid=0 fsgid=0 tty=(none) ses=47 comm="cron" exe="/usr/sbin/cron" subj=unconfined key=(null)ARCH=x86_64 SYSCALL=write AUID="root" UID="root" GID="root" EUID="root" SUID="root" FSUID="root" EGID="root" SGID="root" FSGID="root"
type=PROCTITLE msg=audit(1788718515.780:732): proctitle=2F7573722F7362696E2F43524F4E002D66002D50
type=USER_START msg=audit(1788718515.781:733): pid=3236 uid=0 auid=0 ses=47 subj=unconfined msg='op=PAM:session_open grantors=pam_loginuid,pam_env,pam_env,pam_permit,pam_umask,pam_unix,pam_limits acct="root" exe="/usr/sbin/cron" hostname=? addr=? terminal=cron res=success'UID="root" AUID="root"
type=CRED_REFR msg=audit(1788718515.783:734): pid=3238 uid=0 auid=0 ses=47 subj=unconfined msg='op=PAM:setcred grantors=pam_permit,pam_cap acct="root" exe="/usr/sbin/cron" hostname=? addr=? terminal=cron res=success'UID="root" AUID="root"
type=USER_ACCT msg=audit(1788718515.783:735): pid=3237 uid=0 auid=4294967295 ses=4294967295 subj=unconfined msg='op=PAM:accounting grantors=pam_permit acct="root" exe="/usr/sbin/cron" hostname=? addr=? terminal=cron res=success'UID="root" AUID="unset"
type=CRED_ACQ msg=audit(1788718515.783:736): pid=3237 uid=0 auid=4294967295 ses=4294967295 subj=unconfined msg='op=PAM:setcred grantors=pam_permit,pam_cap acct="root" exe="/usr/sbin/cron" hostname=? addr=? terminal=cron res=success'UID="root" AUID="unset"
type=LOGIN msg=audit(1788718515.783:737): pid=3237 uid=0 subj=unconfined old-auid=4294967295 auid=0 tty=(none) old-ses=4294967295 ses=48 res=1UID="root" OLD-AUID="unset" AUID="root"
type=USER_ACCT msg=audit(1788718515.783:738): pid=3235 uid=0 auid=4294967295 ses=4294967295 subj=unconfined msg='op=PAM:accounting grantors=pam_permit acct="root" exe="/usr/sbin/cron" hostname=? addr=? terminal=cron res=success'UID="root" AUID="unset"
type=CRED_ACQ msg=audit(1788718515.783:739): pid=3235 uid=0 auid=4294967295 ses=4294967295 subj=unconfined msg='op=PAM:setcred grantors=pam_permit,pam_cap acct="root" exe="/usr/sbin/cron" hostname=? addr=? terminal=cron res=success'UID="root" AUID="unset"
type=SYSCALL msg=audit(1788718515.783:737): arch=c000003e syscall=1 success=yes exit=1 a0=7 a1=7fff8ab13e80 a2=1 a3=0 items=0 ppid=864 pid=3237 auid=0 uid=0 gid=0 euid=0 suid=0 fsuid=0 egid=0 sgid=0 fsgid=0 tty=(none) ses=48 comm="cron" exe="/usr/sbin/cron" subj=unconfined key=(null)ARCH=x86_64 SYSCALL=write AUID="root" UID="root" GID="root" EUID="root" SUID="root" FSUID="root" EGID="root" SGID="root" FSGID="root"
type=PROCTITLE msg=audit(1788718515.783:737): proctitle=2F7573722F7362696E2F43524F4E002D66002D50
type=LOGIN msg=audit(1788718515.788:740): pid=3235 uid=0 subj=unconfined old-auid=4294967295 auid=0 tty=(none) old-ses=4294967295 ses=49 res=1UID="root" OLD-AUID="unset" AUID="root"
type=SYSCALL msg=audit(1788718515.788:740): arch=c000003e syscall=1 success=yes exit=1 a0=7 a1=7fff8ab13e80 a2=1 a3=0 items=0 ppid=864 pid=3235 auid=0 uid=0 gid=0 euid=0 suid=0 fsuid=0 egid=0 sgid=0 fsgid=0 tty=(none) ses=49 comm="cron" exe="/usr/sbin/cron" subj=unconfined key=(null)ARCH=x86_64 SYSCALL=write AUID="root" UID="root" GID="root" EUID="root" SUID="root" FSUID="root" EGID="root" SGID="root" FSGID="root"
type=PROCTITLE msg=audit(1788718515.788:740): proctitle=2F7573722F7362696E2F43524F4E002D66002D50
type=USER_START msg=audit(1788718515.788:741): pid=3235 uid=0 auid=0 ses=49 subj=unconfined msg='op=PAM:session_open grantors=pam_loginuid,pam_env,pam_env,pam_permit,pam_umask,pam_unix,pam_limits acct="root" exe="/usr/sbin/cron" hostname=? addr=? terminal=cron res=success'UID="root" AUID="root"
type=USER_ACCT msg=audit(1788718515.788:742): pid=3234 uid=0 auid=4294967295 ses=4294967295 subj=unconfined msg='op=PAM:accounting grantors=pam_permit acct="root" exe="/usr/sbin/cron" hostname=? addr=? terminal=cron res=success'UID="root" AUID="unset"
type=CRED_ACQ msg=audit(1788718515.788:743): pid=3234 uid=0 auid=4294967295 ses=4294967295 subj=unconfined msg='op=PAM:setcred grantors=pam_permit,pam_cap acct="root" exe="/usr/sbin/cron" hostname=? addr=? terminal=cron res=success'UID="root" AUID="unset"
type=LOGIN msg=audit(1788718515.790:744): pid=3234 uid=0 subj=unconfined old-auid=4294967295 auid=0 tty=(none) old-ses=4294967295 ses=50 res=1UID="root" OLD-AUID="unset" AUID="root"
type=SYSCALL msg=audit(1788718515.790:744): arch=c000003e syscall=1 success=yes exit=1 a0=7 a1=7fff8ab13e80 a2=1 a3=0 items=0 ppid=864 pid=3234 auid=0 uid=0 gid=0 euid=0 suid=0 fsuid=0 egid=0 sgid=0 fsgid=0 tty=(none) ses=50 comm="cron" exe="/usr/sbin/cron" subj=unconfined key=(null)ARCH=x86_64 SYSCALL=write AUID="root" UID="root" GID="root" EUID="root" SUID="root" FSUID="root" EGID="root" SGID="root" FSGID="root"
type=PROCTITLE msg=audit(1788718515.790:744): proctitle=2F7573722F7362696E2F43524F4E002D66002D50
type=USER_START msg=audit(1788718515.790:745): pid=3237 uid=0 auid=0 ses=48 subj=unconfined msg='op=PAM:session_open grantors=pam_loginuid,pam_env,pam_env,pam_permit,pam_umask,pam_unix,pam_limits acct="root" exe="/usr/sbin/cron" hostname=? addr=? terminal=cron res=success'UID="root" AUID="root"
type=CRED_REFR msg=audit(1788718515.790:746): pid=3240 uid=0 auid=0 ses=49 subj=unconfined msg='op=PAM:setcred grantors=pam_permit,pam_cap acct="root" exe="/usr/sbin/cron" hostname=? addr=? terminal=cron res=success'UID="root" AUID="root"
type=USER_START msg=audit(1788718515.790:747): pid=3234 uid=0 auid=0 ses=50 subj=unconfined msg='op=PAM:session_open grantors=pam_loginuid,pam_env,pam_env,pam_permit,pam_umask,pam_unix,pam_limits acct="root" exe="/usr/sbin/cron" hostname=? addr=? terminal=cron res=success'UID="root" AUID="root"
type=CRED_REFR msg=audit(1788718515.792:748): pid=3241 uid=0 auid=0 ses=48 subj=unconfined msg='op=PAM:setcred grantors=pam_permit,pam_cap acct="root" exe="/usr/sbin/cron" hostname=? addr=? terminal=cron res=success'UID="root" AUID="root"
type=CRED_REFR msg=audit(1788718515.792:749): pid=3242 uid=0 auid=0 ses=50 subj=unconfined msg='op=PAM:setcred grantors=pam_permit,pam_cap acct="root" exe="/usr/sbin/cron" hostname=? addr=? terminal=cron res=success'UID="root" AUID="root"
type=CRED_DISP msg=audit(1788718515.803:750): pid=3235 uid=0 auid=0 ses=49 subj=unconfined msg='op=PAM:setcred grantors=pam_permit acct="root" exe="/usr/sbin/cron" hostname=? addr=? terminal=cron res=success'UID="root" AUID="root"
type=USER_END msg=audit(1788718515.805:751): pid=3235 uid=0 auid=0 ses=49 subj=unconfined msg='op=PAM:session_close grantors=pam_loginuid,pam_env,pam_env,pam_permit,pam_umask,pam_unix,pam_limits acct="root" exe="/usr/sbin/cron" hostname=? addr=? terminal=cron res=success'UID="root" AUID="root"
type=CRED_DISP msg=audit(1788718515.821:752): pid=3236 uid=0 auid=0 ses=47 subj=unconfined msg='op=PAM:setcred grantors=pam_permit acct="root" exe="/usr/sbin/cron" hostname=? addr=? terminal=cron res=success'UID="root" AUID="root"
type=USER_END msg=audit(1788718515.821:753): pid=3236 uid=0 auid=0 ses=47 subj=unconfined msg='op=PAM:session_close grantors=pam_loginuid,pam_env,pam_env,pam_permit,pam_umask,pam_unix,pam_limits acct="root" exe="/usr/sbin/cron" hostname=? addr=? terminal=cron res=success'UID="root" AUID="root"
type=CRED_DISP msg=audit(1788718515.825:754): pid=3237 uid=0 auid=0 ses=48 subj=unconfined msg='op=PAM:setcred grantors=pam_permit acct="root" exe="/usr/sbin/cron" hostname=? addr=? terminal=cron res=success'UID="root" AUID="root"
type=USER_END msg=audit(1788718515.825:755): pid=3237 uid=0 auid=0 ses=48 subj=unconfined msg='op=PAM:session_close grantors=pam_loginuid,pam_env,pam_env,pam_permit,pam_umask,pam_unix,pam_limits acct="root" exe="/usr/sbin/cron" hostname=? addr=? terminal=cron res=success'UID="root" AUID="root"
type=CRED_DISP msg=audit(1788718515.830:756): pid=3234 uid=0 auid=0 ses=50 subj=unconfined msg='op=PAM:setcred grantors=pam_permit acct="root" exe="/usr/sbin/cron" hostname=? addr=? terminal=cron res=success'UID="root" AUID="root"
type=USER_END msg=audit(1788718515.830:757): pid=3234 uid=0 auid=0 ses=50 subj=unconfined msg='op=PAM:session_close grantors=pam_loginuid,pam_env,pam_env,pam_permit,pam_umask,pam_unix,pam_limits acct="root" exe="/usr/sbin/cron" hostname=? addr=? terminal=cron res=success'UID="root" AUID="root"
type=USER_ACCT msg=audit(1788718517.111:758): pid=3261 uid=1000 auid=1000 ses=4 subj=unconfined msg='op=PAM:accounting grantors=pam_permit acct="analyst" exe="/usr/bin/sudo" hostname=? addr=? terminal=/dev/pts/0 res=success'UID="analyst" AUID="analyst"
type=USER_CMD msg=audit(1788718517.112:759): pid=3261 uid=1000 auid=1000 ses=4 subj=unconfined msg='cwd="/home/analyst" cmd=74637064756D70202D6920656E7030733320686F7374203139382E35312E3130302E373720616E6420706F727420343433202D77202F686F6D652F616E616C7973742F7469636B65742D3030362D6C61622F65766964656E63652F66696E2D777331372D66696E616C2D68747470732E70636170 exe="/usr/bin/sudo" terminal=pts/0 res=success'UID="analyst" AUID="analyst"
type=CRED_REFR msg=audit(1788718517.114:760): pid=3261 uid=1000 auid=1000 ses=4 subj=unconfined msg='op=PAM:setcred grantors=pam_permit,pam_cap acct="root" exe="/usr/bin/sudo" hostname=? addr=? terminal=/dev/pts/0 res=success'UID="analyst" AUID="analyst"
type=USER_START msg=audit(1788718517.114:761): pid=3261 uid=1000 auid=1000 ses=4 subj=unconfined msg='op=PAM:session_open grantors=pam_limits,pam_env,pam_env,pam_permit,pam_umask,pam_unix acct="root" exe="/usr/bin/sudo" hostname=? addr=? terminal=/dev/pts/0 res=success'UID="analyst" AUID="analyst"
type=ANOM_PROMISCUOUS msg=audit(1788718517.121:762): dev=enp0s3 prom=256 old_prom=0 auid=1000 uid=0 gid=0 ses=4AUID="analyst" UID="root" GID="root"
type=SYSCALL msg=audit(1788718517.121:762): arch=c000003e syscall=54 success=yes exit=0 a0=4 a1=107 a2=1 a3=7fff6b0d9310 items=0 ppid=3262 pid=3263 auid=1000 uid=0 gid=0 euid=0 suid=0 fsuid=0 egid=0 sgid=0 fsgid=0 tty=pts1 ses=4 comm="tcpdump" exe="/usr/bin/tcpdump" subj=tcpdump key=(null)ARCH=x86_64 SYSCALL=setsockopt AUID="analyst" UID="root" GID="root" EUID="root" SUID="root" FSUID="root" EGID="root" SGID="root" FSGID="root"
type=PROCTITLE msg=audit(1788718517.121:762): proctitle=74637064756D70002D6900656E7030733300686F7374003139382E35312E3130302E373700616E6400706F727400343433002D77002F686F6D652F616E616C7973742F7469636B65742D3030362D6C61622F65766964656E63652F66696E2D777331372D66696E616C2D68747470732E70636170
type=AVC msg=audit(1788718517.142:763): apparmor="DENIED" operation="capable" class="cap" profile="tcpdump" pid=3263 comm="tcpdump" capability=2  capname="dac_read_search"
type=SYSCALL msg=audit(1788718517.142:763): arch=c000003e syscall=257 success=yes exit=5 a0=ffffff9c a1=63c83a7d5ae0 a2=241 a3=1b6 items=2 ppid=3262 pid=3263 auid=1000 uid=0 gid=0 euid=0 suid=0 fsuid=0 egid=0 sgid=0 fsgid=0 tty=pts1 ses=4 comm="tcpdump" exe="/usr/bin/tcpdump" subj=tcpdump key=(null)ARCH=x86_64 SYSCALL=openat AUID="analyst" UID="root" GID="root" EUID="root" SUID="root" FSUID="root" EGID="root" SGID="root" FSGID="root"
type=CWD msg=audit(1788718517.142:763): cwd="/home/analyst"
type=PATH msg=audit(1788718517.142:763): item=0 name="/home/analyst/ticket-006-lab/evidence/" inode=418100 dev=fc:00 mode=040775 ouid=1000 ogid=1000 rdev=00:00 nametype=PARENT cap_fp=0 cap_fi=0 cap_fe=0 cap_fver=0 cap_frootid=0OUID="analyst" OGID="analyst"
type=PATH msg=audit(1788718517.142:763): item=1 name="/home/analyst/ticket-006-lab/evidence/fin-ws17-final-https.pcap" inode=393421 dev=fc:00 mode=0100644 ouid=0 ogid=0 rdev=00:00 nametype=CREATE cap_fp=0 cap_fi=0 cap_fe=0 cap_fver=0 cap_frootid=0OUID="root" OGID="root"
type=PROCTITLE msg=audit(1788718517.142:763): proctitle=74637064756D70002D6900656E7030733300686F7374003139382E35312E3130302E373700616E6400706F727400343433002D77002F686F6D652F616E616C7973742F7469636B65742D3030362D6C61622F65766964656E63652F66696E2D777331372D66696E616C2D68747470732E70636170
type=USER_ACCT msg=audit(1788718561.835:764): pid=3266 uid=0 auid=4294967295 ses=4294967295 subj=unconfined msg='op=PAM:accounting grantors=pam_permit acct="root" exe="/usr/sbin/cron" hostname=? addr=? terminal=cron res=success'UID="root" AUID="unset"
type=CRED_ACQ msg=audit(1788718561.837:765): pid=3266 uid=0 auid=4294967295 ses=4294967295 subj=unconfined msg='op=PAM:setcred grantors=pam_permit,pam_cap acct="root" exe="/usr/sbin/cron" hostname=? addr=? terminal=cron res=success'UID="root" AUID="unset"
type=LOGIN msg=audit(1788718561.837:766): pid=3266 uid=0 subj=unconfined old-auid=4294967295 auid=0 tty=(none) old-ses=4294967295 ses=51 res=1UID="root" OLD-AUID="unset" AUID="root"
type=SYSCALL msg=audit(1788718561.837:766): arch=c000003e syscall=1 success=yes exit=1 a0=7 a1=7fff8ab13e80 a2=1 a3=0 items=0 ppid=864 pid=3266 auid=0 uid=0 gid=0 euid=0 suid=0 fsuid=0 egid=0 sgid=0 fsgid=0 tty=(none) ses=51 comm="cron" exe="/usr/sbin/cron" subj=unconfined key=(null)ARCH=x86_64 SYSCALL=write AUID="root" UID="root" GID="root" EUID="root" SUID="root" FSUID="root" EGID="root" SGID="root" FSGID="root"
type=PROCTITLE msg=audit(1788718561.837:766): proctitle=2F7573722F7362696E2F43524F4E002D66002D50
type=USER_START msg=audit(1788718561.837:767): pid=3266 uid=0 auid=0 ses=51 subj=unconfined msg='op=PAM:session_open grantors=pam_loginuid,pam_env,pam_env,pam_permit,pam_umask,pam_unix,pam_limits acct="root" exe="/usr/sbin/cron" hostname=? addr=? terminal=cron res=success'UID="root" AUID="root"
type=CRED_REFR msg=audit(1788718561.841:768): pid=3267 uid=0 auid=0 ses=51 subj=unconfined msg='op=PAM:setcred grantors=pam_permit,pam_cap acct="root" exe="/usr/sbin/cron" hostname=? addr=? terminal=cron res=success'UID="root" AUID="root"
type=CRED_DISP msg=audit(1788718561.865:769): pid=3266 uid=0 auid=0 ses=51 subj=unconfined msg='op=PAM:setcred grantors=pam_permit acct="root" exe="/usr/sbin/cron" hostname=? addr=? terminal=cron res=success'UID="root" AUID="root"
type=USER_END msg=audit(1788718561.865:770): pid=3266 uid=0 auid=0 ses=51 subj=unconfined msg='op=PAM:session_close grantors=pam_loginuid,pam_env,pam_env,pam_permit,pam_umask,pam_unix,pam_limits acct="root" exe="/usr/sbin/cron" hostname=? addr=? terminal=cron res=success'UID="root" AUID="root"
type=USER_AUTH msg=audit(1788718562.610:771): pid=3265 uid=1000 auid=1000 ses=15 subj=unconfined msg='op=PAM:authentication grantors=pam_permit,pam_cap acct="analyst" exe="/usr/bin/sudo" hostname=? addr=? terminal=/dev/pts/2 res=success'UID="analyst" AUID="analyst"
type=USER_ACCT msg=audit(1788718562.610:772): pid=3265 uid=1000 auid=1000 ses=15 subj=unconfined msg='op=PAM:accounting grantors=pam_permit acct="analyst" exe="/usr/bin/sudo" hostname=? addr=? terminal=/dev/pts/2 res=success'UID="analyst" AUID="analyst"
type=USER_CMD msg=audit(1788718562.610:773): pid=3265 uid=1000 auid=1000 ses=15 subj=unconfined msg='cwd="/home/analyst" cmd=636174202F686F6D652F6D7265796E6F6C64732F446F63756D656E74732F46696E616E63652F51335F6275646765742E637376 exe="/usr/bin/sudo" terminal=pts/2 res=success'UID="analyst" AUID="analyst"
type=CRED_REFR msg=audit(1788718562.611:774): pid=3265 uid=1000 auid=1000 ses=15 subj=unconfined msg='op=PAM:setcred grantors=pam_permit,pam_cap acct="mreynolds" exe="/usr/bin/sudo" hostname=? addr=? terminal=/dev/pts/2 res=success'UID="analyst" AUID="analyst"
type=USER_START msg=audit(1788718562.611:775): pid=3265 uid=1000 auid=1000 ses=15 subj=unconfined msg='op=PAM:session_open grantors=pam_limits,pam_env,pam_env,pam_permit,pam_umask,pam_unix acct="mreynolds" exe="/usr/bin/sudo" hostname=? addr=? terminal=/dev/pts/2 res=success'UID="analyst" AUID="analyst"
type=SYSCALL msg=audit(1788718562.613:776): arch=c000003e syscall=59 success=yes exit=0 a0=590aba233ae8 a1=590aba243360 a2=590aba294f00 a3=64 items=2 ppid=3275 pid=3276 auid=1000 uid=1004 gid=1004 euid=1004 suid=1004 fsuid=1004 egid=1004 sgid=1004 fsgid=1004 tty=pts3 ses=15 comm="cat" exe="/usr/bin/cat" subj=unconfined key="fin_exec"ARCH=x86_64 SYSCALL=execve AUID="analyst" UID="mreynolds" GID="mreynolds" EUID="mreynolds" SUID="mreynolds" FSUID="mreynolds" EGID="mreynolds" SGID="mreynolds" FSGID="mreynolds"
type=EXECVE msg=audit(1788718562.613:776): argc=2 a0="cat" a1="/home/mreynolds/Documents/Finance/Q3_budget.csv"
type=CWD msg=audit(1788718562.613:776): cwd="/home/analyst"
type=PATH msg=audit(1788718562.613:776): item=0 name="/usr/bin/cat" inode=16101 dev=fc:00 mode=0100755 ouid=0 ogid=0 rdev=00:00 nametype=NORMAL cap_fp=0 cap_fi=0 cap_fe=0 cap_fver=0 cap_frootid=0OUID="root" OGID="root"
type=PATH msg=audit(1788718562.613:776): item=1 name="/lib64/ld-linux-x86-64.so.2" inode=53537 dev=fc:00 mode=0100755 ouid=0 ogid=0 rdev=00:00 nametype=NORMAL cap_fp=0 cap_fi=0 cap_fe=0 cap_fver=0 cap_frootid=0OUID="root" OGID="root"
type=PROCTITLE msg=audit(1788718562.613:776): proctitle=636174002F686F6D652F6D7265796E6F6C64732F446F63756D656E74732F46696E616E63652F51335F6275646765742E637376
type=SYSCALL msg=audit(1788718562.617:777): arch=c000003e syscall=257 success=yes exit=3 a0=ffffff9c a1=7ffc1ca9575a a2=0 a3=0 items=1 ppid=3275 pid=3276 auid=1000 uid=1004 gid=1004 euid=1004 suid=1004 fsuid=1004 egid=1004 sgid=1004 fsgid=1004 tty=pts3 ses=15 comm="cat" exe="/usr/bin/cat" subj=unconfined key="fin_docs"ARCH=x86_64 SYSCALL=openat AUID="analyst" UID="mreynolds" GID="mreynolds" EUID="mreynolds" SUID="mreynolds" FSUID="mreynolds" EGID="mreynolds" SGID="mreynolds" FSGID="mreynolds"
type=CWD msg=audit(1788718562.617:777): cwd="/home/analyst"
type=PATH msg=audit(1788718562.617:777): item=0 name="/home/mreynolds/Documents/Finance/Q3_budget.csv" inode=131187 dev=fc:00 mode=0100664 ouid=1004 ogid=1004 rdev=00:00 nametype=NORMAL cap_fp=0 cap_fi=0 cap_fe=0 cap_fver=0 cap_frootid=0OUID="mreynolds" OGID="mreynolds"
type=PROCTITLE msg=audit(1788718562.617:777): proctitle=636174002F686F6D652F6D7265796E6F6C64732F446F63756D656E74732F46696E616E63652F51335F6275646765742E637376
type=USER_END msg=audit(1788718562.619:778): pid=3265 uid=1000 auid=1000 ses=15 subj=unconfined msg='op=PAM:session_close grantors=pam_limits,pam_env,pam_env,pam_permit,pam_umask,pam_unix acct="mreynolds" exe="/usr/bin/sudo" hostname=? addr=? terminal=/dev/pts/2 res=success'UID="analyst" AUID="analyst"
type=CRED_DISP msg=audit(1788718562.619:779): pid=3265 uid=1000 auid=1000 ses=15 subj=unconfined msg='op=PAM:setcred grantors=pam_permit acct="mreynolds" exe="/usr/bin/sudo" hostname=? addr=? terminal=/dev/pts/2 res=success'UID="analyst" AUID="analyst"
type=USER_ACCT msg=audit(1788718594.224:780): pid=3277 uid=1000 auid=1000 ses=15 subj=unconfined msg='op=PAM:accounting grantors=pam_permit acct="analyst" exe="/usr/bin/sudo" hostname=? addr=? terminal=/dev/pts/2 res=success'UID="analyst" AUID="analyst"
type=USER_CMD msg=audit(1788718594.224:781): pid=3277 uid=1000 auid=1000 ses=15 subj=unconfined msg='cwd="/home/analyst" cmd="/home/mreynolds/finance_sync.sh" exe="/usr/bin/sudo" terminal=pts/2 res=success'UID="analyst" AUID="analyst"
type=CRED_REFR msg=audit(1788718594.227:782): pid=3277 uid=1000 auid=1000 ses=15 subj=unconfined msg='op=PAM:setcred grantors=pam_permit,pam_cap acct="mreynolds" exe="/usr/bin/sudo" hostname=? addr=? terminal=/dev/pts/2 res=success'UID="analyst" AUID="analyst"
type=USER_START msg=audit(1788718594.228:783): pid=3277 uid=1000 auid=1000 ses=15 subj=unconfined msg='op=PAM:session_open grantors=pam_limits,pam_env,pam_env,pam_permit,pam_umask,pam_unix acct="mreynolds" exe="/usr/bin/sudo" hostname=? addr=? terminal=/dev/pts/2 res=success'UID="analyst" AUID="analyst"
type=SYSCALL msg=audit(1788718594.229:784): arch=c000003e syscall=59 success=yes exit=0 a0=5c09560c8738 a1=5c09560bc360 a2=5c09560cc200 a3=64 items=3 ppid=3278 pid=3279 auid=1000 uid=1004 gid=1004 euid=1004 suid=1004 fsuid=1004 egid=1004 sgid=1004 fsgid=1004 tty=pts3 ses=15 comm="finance_sync.sh" exe="/usr/bin/bash" subj=unconfined key="fin_exec"ARCH=x86_64 SYSCALL=execve AUID="analyst" UID="mreynolds" GID="mreynolds" EUID="mreynolds" SUID="mreynolds" FSUID="mreynolds" EGID="mreynolds" SGID="mreynolds" FSGID="mreynolds"
type=EXECVE msg=audit(1788718594.229:784): argc=2 a0="/bin/bash" a1="/home/mreynolds/finance_sync.sh"
type=CWD msg=audit(1788718594.229:784): cwd="/home/analyst"
type=PATH msg=audit(1788718594.229:784): item=0 name="/home/mreynolds/finance_sync.sh" inode=131280 dev=fc:00 mode=0100775 ouid=1004 ogid=1004 rdev=00:00 nametype=NORMAL cap_fp=0 cap_fi=0 cap_fe=0 cap_fver=0 cap_frootid=0OUID="mreynolds" OGID="mreynolds"
type=PATH msg=audit(1788718594.229:784): item=1 name="/bin/bash" inode=484 dev=fc:00 mode=0100755 ouid=0 ogid=0 rdev=00:00 nametype=NORMAL cap_fp=0 cap_fi=0 cap_fe=0 cap_fver=0 cap_frootid=0OUID="root" OGID="root"
type=PATH msg=audit(1788718594.229:784): item=2 name="/lib64/ld-linux-x86-64.so.2" inode=53537 dev=fc:00 mode=0100755 ouid=0 ogid=0 rdev=00:00 nametype=NORMAL cap_fp=0 cap_fi=0 cap_fe=0 cap_fver=0 cap_frootid=0OUID="root" OGID="root"
type=PROCTITLE msg=audit(1788718594.229:784): proctitle=2F62696E2F62617368002F686F6D652F6D7265796E6F6C64732F66696E616E63655F73796E632E7368
type=SYSCALL msg=audit(1788718594.233:785): arch=c000003e syscall=59 success=yes exit=0 a0=55ccf93a6760 a1=55ccf93a63d0 a2=55ccf93a2920 a3=1 items=2 ppid=3279 pid=3280 auid=1000 uid=1004 gid=1004 euid=1004 suid=1004 fsuid=1004 egid=1004 sgid=1004 fsgid=1004 tty=pts3 ses=15 comm="curl" exe="/usr/bin/curl" subj=unconfined key="fin_exec"ARCH=x86_64 SYSCALL=execve AUID="analyst" UID="mreynolds" GID="mreynolds" EUID="mreynolds" SUID="mreynolds" FSUID="mreynolds" EGID="mreynolds" SGID="mreynolds" FSGID="mreynolds"
type=EXECVE msg=audit(1788718594.233:785): argc=10 a0="curl" a1="-k" a2="-s" a3="-X" a4="POST" a5="--data-binary" a6="@/home/mreynolds/Reports/daily_summary.txt" a7="https://finance-sync.local/api/report" a8="-o" a9="/home/mreynolds/Reports/sync-response.txt"
type=CWD msg=audit(1788718594.233:785): cwd="/home/analyst"
type=PATH msg=audit(1788718594.233:785): item=0 name="/usr/bin/curl" inode=11965 dev=fc:00 mode=0100755 ouid=0 ogid=0 rdev=00:00 nametype=NORMAL cap_fp=0 cap_fi=0 cap_fe=0 cap_fver=0 cap_frootid=0OUID="root" OGID="root"
type=PATH msg=audit(1788718594.233:785): item=1 name="/lib64/ld-linux-x86-64.so.2" inode=53537 dev=fc:00 mode=0100755 ouid=0 ogid=0 rdev=00:00 nametype=NORMAL cap_fp=0 cap_fi=0 cap_fe=0 cap_fver=0 cap_frootid=0OUID="root" OGID="root"
type=PROCTITLE msg=audit(1788718594.233:785): proctitle=6375726C002D6B002D73002D5800504F5354002D2D646174612D62696E61727900402F686F6D652F6D7265796E6F6C64732F5265706F7274732F6461696C795F73756D6D6172792E7478740068747470733A2F2F66696E616E63652D73796E632E6C6F63616C2F6170692F7265706F7274002D6F002F686F6D652F6D7265796E
type=USER_END msg=audit(1788718594.254:786): pid=3277 uid=1000 auid=1000 ses=15 subj=unconfined msg='op=PAM:session_close grantors=pam_limits,pam_env,pam_env,pam_permit,pam_umask,pam_unix acct="mreynolds" exe="/usr/bin/sudo" hostname=? addr=? terminal=/dev/pts/2 res=success'UID="analyst" AUID="analyst"
type=CRED_DISP msg=audit(1788718594.255:787): pid=3277 uid=1000 auid=1000 ses=15 subj=unconfined msg='op=PAM:setcred grantors=pam_permit acct="mreynolds" exe="/usr/bin/sudo" hostname=? addr=? terminal=/dev/pts/2 res=success'UID="analyst" AUID="analyst"
type=USER_ACCT msg=audit(1788718599.538:788): pid=3282 uid=1000 auid=1000 ses=15 subj=unconfined msg='op=PAM:accounting grantors=pam_permit acct="analyst" exe="/usr/bin/sudo" hostname=? addr=? terminal=/dev/pts/2 res=success'UID="analyst" AUID="analyst"
type=USER_CMD msg=audit(1788718599.538:789): pid=3282 uid=1000 auid=1000 ses=15 subj=unconfined msg='cwd="/home/analyst" cmd=636174202F686F6D652F6D7265796E6F6C64732F5265706F7274732F73796E632D726573706F6E73652E747874 exe="/usr/bin/sudo" terminal=pts/2 res=success'UID="analyst" AUID="analyst"
type=CRED_REFR msg=audit(1788718599.539:790): pid=3282 uid=1000 auid=1000 ses=15 subj=unconfined msg='op=PAM:setcred grantors=pam_permit,pam_cap acct="root" exe="/usr/bin/sudo" hostname=? addr=? terminal=/dev/pts/2 res=success'UID="analyst" AUID="analyst"
type=USER_START msg=audit(1788718599.540:791): pid=3282 uid=1000 auid=1000 ses=15 subj=unconfined msg='op=PAM:session_open grantors=pam_limits,pam_env,pam_env,pam_permit,pam_umask,pam_unix acct="root" exe="/usr/bin/sudo" hostname=? addr=? terminal=/dev/pts/2 res=success'UID="analyst" AUID="analyst"
type=USER_END msg=audit(1788718599.544:792): pid=3282 uid=1000 auid=1000 ses=15 subj=unconfined msg='op=PAM:session_close grantors=pam_limits,pam_env,pam_env,pam_permit,pam_umask,pam_unix acct="root" exe="/usr/bin/sudo" hostname=? addr=? terminal=/dev/pts/2 res=success'UID="analyst" AUID="analyst"
type=CRED_DISP msg=audit(1788718599.544:793): pid=3282 uid=1000 auid=1000 ses=15 subj=unconfined msg='op=PAM:setcred grantors=pam_permit acct="root" exe="/usr/bin/sudo" hostname=? addr=? terminal=/dev/pts/2 res=success'UID="analyst" AUID="analyst"
type=USER_ACCT msg=audit(1788718621.867:794): pid=3286 uid=0 auid=4294967295 ses=4294967295 subj=unconfined msg='op=PAM:accounting grantors=pam_permit acct="root" exe="/usr/sbin/cron" hostname=? addr=? terminal=cron res=success'UID="root" AUID="unset"
type=USER_ACCT msg=audit(1788718621.870:795): pid=3285 uid=0 auid=4294967295 ses=4294967295 subj=unconfined msg='op=PAM:accounting grantors=pam_permit acct="root" exe="/usr/sbin/cron" hostname=? addr=? terminal=cron res=success'UID="root" AUID="unset"
type=CRED_ACQ msg=audit(1788718621.870:796): pid=3286 uid=0 auid=4294967295 ses=4294967295 subj=unconfined msg='op=PAM:setcred grantors=pam_permit,pam_cap acct="root" exe="/usr/sbin/cron" hostname=? addr=? terminal=cron res=success'UID="root" AUID="unset"
type=CRED_ACQ msg=audit(1788718621.871:797): pid=3285 uid=0 auid=4294967295 ses=4294967295 subj=unconfined msg='op=PAM:setcred grantors=pam_permit,pam_cap acct="root" exe="/usr/sbin/cron" hostname=? addr=? terminal=cron res=success'UID="root" AUID="unset"
type=LOGIN msg=audit(1788718621.871:798): pid=3286 uid=0 subj=unconfined old-auid=4294967295 auid=0 tty=(none) old-ses=4294967295 ses=52 res=1UID="root" OLD-AUID="unset" AUID="root"
type=SYSCALL msg=audit(1788718621.871:798): arch=c000003e syscall=1 success=yes exit=1 a0=7 a1=7fff8ab13e80 a2=1 a3=0 items=0 ppid=864 pid=3286 auid=0 uid=0 gid=0 euid=0 suid=0 fsuid=0 egid=0 sgid=0 fsgid=0 tty=(none) ses=52 comm="cron" exe="/usr/sbin/cron" subj=unconfined key=(null)ARCH=x86_64 SYSCALL=write AUID="root" UID="root" GID="root" EUID="root" SUID="root" FSUID="root" EGID="root" SGID="root" FSGID="root"
type=PROCTITLE msg=audit(1788718621.871:798): proctitle=2F7573722F7362696E2F43524F4E002D66002D50
type=LOGIN msg=audit(1788718621.871:799): pid=3285 uid=0 subj=unconfined old-auid=4294967295 auid=0 tty=(none) old-ses=4294967295 ses=53 res=1UID="root" OLD-AUID="unset" AUID="root"
type=SYSCALL msg=audit(1788718621.871:799): arch=c000003e syscall=1 success=yes exit=1 a0=7 a1=7fff8ab13e80 a2=1 a3=0 items=0 ppid=864 pid=3285 auid=0 uid=0 gid=0 euid=0 suid=0 fsuid=0 egid=0 sgid=0 fsgid=0 tty=(none) ses=53 comm="cron" exe="/usr/sbin/cron" subj=unconfined key=(null)ARCH=x86_64 SYSCALL=write AUID="root" UID="root" GID="root" EUID="root" SUID="root" FSUID="root" EGID="root" SGID="root" FSGID="root"
type=PROCTITLE msg=audit(1788718621.871:799): proctitle=2F7573722F7362696E2F43524F4E002D66002D50
type=USER_START msg=audit(1788718621.872:800): pid=3285 uid=0 auid=0 ses=53 subj=unconfined msg='op=PAM:session_open grantors=pam_loginuid,pam_env,pam_env,pam_permit,pam_umask,pam_unix,pam_limits acct="root" exe="/usr/sbin/cron" hostname=? addr=? terminal=cron res=success'UID="root" AUID="root"
type=USER_START msg=audit(1788718621.872:801): pid=3286 uid=0 auid=0 ses=52 subj=unconfined msg='op=PAM:session_open grantors=pam_loginuid,pam_env,pam_env,pam_permit,pam_umask,pam_unix,pam_limits acct="root" exe="/usr/sbin/cron" hostname=? addr=? terminal=cron res=success'UID="root" AUID="root"
type=CRED_REFR msg=audit(1788718621.873:802): pid=3287 uid=0 auid=0 ses=53 subj=unconfined msg='op=PAM:setcred grantors=pam_permit,pam_cap acct="root" exe="/usr/sbin/cron" hostname=? addr=? terminal=cron res=success'UID="root" AUID="root"
type=CRED_REFR msg=audit(1788718621.873:803): pid=3288 uid=0 auid=0 ses=52 subj=unconfined msg='op=PAM:setcred grantors=pam_permit,pam_cap acct="root" exe="/usr/sbin/cron" hostname=? addr=? terminal=cron res=success'UID="root" AUID="root"
type=CRED_DISP msg=audit(1788718621.886:804): pid=3285 uid=0 auid=0 ses=53 subj=unconfined msg='op=PAM:setcred grantors=pam_permit acct="root" exe="/usr/sbin/cron" hostname=? addr=? terminal=cron res=success'UID="root" AUID="root"
type=USER_END msg=audit(1788718621.886:805): pid=3285 uid=0 auid=0 ses=53 subj=unconfined msg='op=PAM:session_close grantors=pam_loginuid,pam_env,pam_env,pam_permit,pam_umask,pam_unix,pam_limits acct="root" exe="/usr/sbin/cron" hostname=? addr=? terminal=cron res=success'UID="root" AUID="root"
type=CRED_DISP msg=audit(1788718621.900:806): pid=3286 uid=0 auid=0 ses=52 subj=unconfined msg='op=PAM:setcred grantors=pam_permit acct="root" exe="/usr/sbin/cron" hostname=? addr=? terminal=cron res=success'UID="root" AUID="root"
type=USER_END msg=audit(1788718621.900:807): pid=3286 uid=0 auid=0 ses=52 subj=unconfined msg='op=PAM:session_close grantors=pam_loginuid,pam_env,pam_env,pam_permit,pam_umask,pam_unix,pam_limits acct="root" exe="/usr/sbin/cron" hostname=? addr=? terminal=cron res=success'UID="root" AUID="root"
type=USER_ACCT msg=audit(1788718641.512:808): pid=3297 uid=1000 auid=1000 ses=15 subj=unconfined msg='op=PAM:accounting grantors=pam_permit acct="analyst" exe="/usr/bin/sudo" hostname=? addr=? terminal=/dev/pts/2 res=success'UID="analyst" AUID="analyst"
type=USER_CMD msg=audit(1788718641.516:809): pid=3297 uid=1000 auid=1000 ses=15 subj=unconfined msg='cwd="/home/analyst" cmd="/home/mreynolds/.local/bin/document_cache.sh" exe="/usr/bin/sudo" terminal=pts/2 res=success'UID="analyst" AUID="analyst"
type=CRED_REFR msg=audit(1788718641.518:810): pid=3297 uid=1000 auid=1000 ses=15 subj=unconfined msg='op=PAM:setcred grantors=pam_permit,pam_cap acct="mreynolds" exe="/usr/bin/sudo" hostname=? addr=? terminal=/dev/pts/2 res=success'UID="analyst" AUID="analyst"
type=USER_START msg=audit(1788718641.519:811): pid=3297 uid=1000 auid=1000 ses=15 subj=unconfined msg='op=PAM:session_open grantors=pam_limits,pam_env,pam_env,pam_permit,pam_umask,pam_unix acct="mreynolds" exe="/usr/bin/sudo" hostname=? addr=? terminal=/dev/pts/2 res=success'UID="analyst" AUID="analyst"
type=SYSCALL msg=audit(1788718641.520:812): arch=c000003e syscall=59 success=yes exit=0 a0=578134906ad8 a1=578134907360 a2=578134917240 a3=64 items=3 ppid=3298 pid=3299 auid=1000 uid=1004 gid=1004 euid=1004 suid=1004 fsuid=1004 egid=1004 sgid=1004 fsgid=1004 tty=pts3 ses=15 comm="document_cache." exe="/usr/bin/bash" subj=unconfined key="fin_exec"ARCH=x86_64 SYSCALL=execve AUID="analyst" UID="mreynolds" GID="mreynolds" EUID="mreynolds" SUID="mreynolds" FSUID="mreynolds" EGID="mreynolds" SGID="mreynolds" FSGID="mreynolds"
type=EXECVE msg=audit(1788718641.520:812): argc=2 a0="/bin/bash" a1="/home/mreynolds/.local/bin/document_cache.sh"
type=CWD msg=audit(1788718641.520:812): cwd="/home/analyst"
type=PATH msg=audit(1788718641.520:812): item=0 name="/home/mreynolds/.local/bin/document_cache.sh" inode=293688 dev=fc:00 mode=0100775 ouid=1004 ogid=1004 rdev=00:00 nametype=NORMAL cap_fp=0 cap_fi=0 cap_fe=0 cap_fver=0 cap_frootid=0OUID="mreynolds" OGID="mreynolds"
type=PATH msg=audit(1788718641.520:812): item=1 name="/bin/bash" inode=484 dev=fc:00 mode=0100755 ouid=0 ogid=0 rdev=00:00 nametype=NORMAL cap_fp=0 cap_fi=0 cap_fe=0 cap_fver=0 cap_frootid=0OUID="root" OGID="root"
type=PATH msg=audit(1788718641.520:812): item=2 name="/lib64/ld-linux-x86-64.so.2" inode=53537 dev=fc:00 mode=0100755 ouid=0 ogid=0 rdev=00:00 nametype=NORMAL cap_fp=0 cap_fi=0 cap_fe=0 cap_fver=0 cap_frootid=0OUID="root" OGID="root"
type=PROCTITLE msg=audit(1788718641.520:812): proctitle=2F62696E2F62617368002F686F6D652F6D7265796E6F6C64732F2E6C6F63616C2F62696E2F646F63756D656E745F63616368652E7368
type=SYSCALL msg=audit(1788718641.524:813): arch=c000003e syscall=59 success=yes exit=0 a0=583ecf753150 a1=583ecf750760 a2=583ecf74f940 a3=583ecf753ac0 items=2 ppid=3299 pid=3300 auid=1000 uid=1004 gid=1004 euid=1004 suid=1004 fsuid=1004 egid=1004 sgid=1004 fsgid=1004 tty=pts3 ses=15 comm="tar" exe="/usr/bin/tar" subj=unconfined key="fin_exec"ARCH=x86_64 SYSCALL=execve AUID="analyst" UID="mreynolds" GID="mreynolds" EUID="mreynolds" SUID="mreynolds" FSUID="mreynolds" EGID="mreynolds" SGID="mreynolds" FSGID="mreynolds"
type=EXECVE msg=audit(1788718641.524:813): argc=5 a0="tar" a1="-czf" a2="/tmp/finance-cache-mreynolds.tar.gz" a3="/home/mreynolds/Documents/Finance/Q3_budget.csv" a4="/home/mreynolds/Documents/Finance/vendor_payments.csv"
type=CWD msg=audit(1788718641.524:813): cwd="/home/analyst"
type=PATH msg=audit(1788718641.524:813): item=0 name="/usr/bin/tar" inode=13564 dev=fc:00 mode=0100755 ouid=0 ogid=0 rdev=00:00 nametype=NORMAL cap_fp=0 cap_fi=0 cap_fe=0 cap_fver=0 cap_frootid=0OUID="root" OGID="root"
type=PATH msg=audit(1788718641.524:813): item=1 name="/lib64/ld-linux-x86-64.so.2" inode=53537 dev=fc:00 mode=0100755 ouid=0 ogid=0 rdev=00:00 nametype=NORMAL cap_fp=0 cap_fi=0 cap_fe=0 cap_fver=0 cap_frootid=0OUID="root" OGID="root"
type=PROCTITLE msg=audit(1788718641.524:813): proctitle=746172002D637A66002F746D702F66696E616E63652D63616368652D6D7265796E6F6C64732E7461722E677A002F686F6D652F6D7265796E6F6C64732F446F63756D656E74732F46696E616E63652F51335F6275646765742E637376002F686F6D652F6D7265796E6F6C64732F446F63756D656E74732F46696E616E63652F76
type=SYSCALL msg=audit(1788718641.525:814): arch=c000003e syscall=437 success=yes exit=3 a0=ffffff9c a1=6175081b6840 a2=6174ecae8940 a3=18 items=1 ppid=3299 pid=3300 auid=1000 uid=1004 gid=1004 euid=1004 suid=1004 fsuid=1004 egid=1004 sgid=1004 fsgid=1004 tty=pts3 ses=15 comm="tar" exe="/usr/bin/tar" subj=unconfined key="fin_docs"ARCH=x86_64 SYSCALL=openat2 AUID="analyst" UID="mreynolds" GID="mreynolds" EUID="mreynolds" SUID="mreynolds" FSUID="mreynolds" EGID="mreynolds" SGID="mreynolds" FSGID="mreynolds"
type=OPENAT2 msg=audit(1788718641.525:814): oflag=012600000 mode=00 resolve=0x0
type=CWD msg=audit(1788718641.525:814): cwd="/home/analyst"
type=PATH msg=audit(1788718641.525:814): item=0 name="/home/mreynolds/Documents/Finance/" inode=131162 dev=fc:00 mode=040775 ouid=1004 ogid=1004 rdev=00:00 nametype=NORMAL cap_fp=0 cap_fi=0 cap_fe=0 cap_fver=0 cap_frootid=0OUID="mreynolds" OGID="mreynolds"
type=PROCTITLE msg=audit(1788718641.525:814): proctitle=746172002D637A66002F746D702F66696E616E63652D63616368652D6D7265796E6F6C64732E7461722E677A002F686F6D652F6D7265796E6F6C64732F446F63756D656E74732F46696E616E63652F51335F6275646765742E637376002F686F6D652F6D7265796E6F6C64732F446F63756D656E74732F46696E616E63652F76
type=SYSCALL msg=audit(1788718641.525:815): arch=c000003e syscall=257 success=yes exit=5 a0=3 a1=6175081b6692 a2=a0900 a3=0 items=1 ppid=3299 pid=3300 auid=1000 uid=1004 gid=1004 euid=1004 suid=1004 fsuid=1004 egid=1004 sgid=1004 fsgid=1004 tty=pts3 ses=15 comm="tar" exe="/usr/bin/tar" subj=unconfined key="fin_docs"ARCH=x86_64 SYSCALL=openat AUID="analyst" UID="mreynolds" GID="mreynolds" EUID="mreynolds" SUID="mreynolds" FSUID="mreynolds" EGID="mreynolds" SGID="mreynolds" FSGID="mreynolds"
type=CWD msg=audit(1788718641.525:815): cwd="/home/analyst"
type=PATH msg=audit(1788718641.525:815): item=0 name="Q3_budget.csv" inode=131187 dev=fc:00 mode=0100664 ouid=1004 ogid=1004 rdev=00:00 nametype=NORMAL cap_fp=0 cap_fi=0 cap_fe=0 cap_fver=0 cap_frootid=0OUID="mreynolds" OGID="mreynolds"
type=PROCTITLE msg=audit(1788718641.525:815): proctitle=746172002D637A66002F746D702F66696E616E63652D63616368652D6D7265796E6F6C64732E7461722E677A002F686F6D652F6D7265796E6F6C64732F446F63756D656E74732F46696E616E63652F51335F6275646765742E637376002F686F6D652F6D7265796E6F6C64732F446F63756D656E74732F46696E616E63652F76
type=SYSCALL msg=audit(1788718641.525:816): arch=c000003e syscall=257 success=yes exit=5 a0=3 a1=6175081b6692 a2=a0900 a3=0 items=1 ppid=3299 pid=3300 auid=1000 uid=1004 gid=1004 euid=1004 suid=1004 fsuid=1004 egid=1004 sgid=1004 fsgid=1004 tty=pts3 ses=15 comm="tar" exe="/usr/bin/tar" subj=unconfined key="fin_docs"ARCH=x86_64 SYSCALL=openat AUID="analyst" UID="mreynolds" GID="mreynolds" EUID="mreynolds" SUID="mreynolds" FSUID="mreynolds" EGID="mreynolds" SGID="mreynolds" FSGID="mreynolds"
type=CWD msg=audit(1788718641.525:816): cwd="/home/analyst"
type=PATH msg=audit(1788718641.525:816): item=0 name="vendor_payments.csv" inode=131203 dev=fc:00 mode=0100664 ouid=1004 ogid=1004 rdev=00:00 nametype=NORMAL cap_fp=0 cap_fi=0 cap_fe=0 cap_fver=0 cap_frootid=0OUID="mreynolds" OGID="mreynolds"
type=PROCTITLE msg=audit(1788718641.525:816): proctitle=746172002D637A66002F746D702F66696E616E63652D63616368652D6D7265796E6F6C64732E7461722E677A002F686F6D652F6D7265796E6F6C64732F446F63756D656E74732F46696E616E63652F51335F6275646765742E637376002F686F6D652F6D7265796E6F6C64732F446F63756D656E74732F46696E616E63652F76
type=SYSCALL msg=audit(1788718641.525:817): arch=c000003e syscall=59 success=yes exit=0 a0=6174ecad2426 a1=7ffd24aa2000 a2=7ffd24aa2688 a3=0 items=2 ppid=3300 pid=3301 auid=1000 uid=1004 gid=1004 euid=1004 suid=1004 fsuid=1004 egid=1004 sgid=1004 fsgid=1004 tty=pts3 ses=15 comm="sh" exe="/usr/bin/dash" subj=unconfined key="fin_exec"ARCH=x86_64 SYSCALL=execve AUID="analyst" UID="mreynolds" GID="mreynolds" EUID="mreynolds" SUID="mreynolds" FSUID="mreynolds" EGID="mreynolds" SGID="mreynolds" FSGID="mreynolds"
type=EXECVE msg=audit(1788718641.525:817): argc=3 a0="/bin/sh" a1="-c" a2="gzip"
type=CWD msg=audit(1788718641.525:817): cwd="/home/analyst"
type=PATH msg=audit(1788718641.525:817): item=0 name="/bin/sh" inode=569 dev=fc:00 mode=0100755 ouid=0 ogid=0 rdev=00:00 nametype=NORMAL cap_fp=0 cap_fi=0 cap_fe=0 cap_fver=0 cap_frootid=0OUID="root" OGID="root"
type=PATH msg=audit(1788718641.525:817): item=1 name="/lib64/ld-linux-x86-64.so.2" inode=53537 dev=fc:00 mode=0100755 ouid=0 ogid=0 rdev=00:00 nametype=NORMAL cap_fp=0 cap_fi=0 cap_fe=0 cap_fver=0 cap_frootid=0OUID="root" OGID="root"
type=PROCTITLE msg=audit(1788718641.525:817): proctitle=2F62696E2F7368002D6300677A6970
type=SYSCALL msg=audit(1788718641.528:818): arch=c000003e syscall=59 success=yes exit=0 a0=58a9ef5e15b0 a1=58a9ef5e1518 a2=58a9ef5e1528 a3=8 items=2 ppid=3301 pid=3302 auid=1000 uid=1004 gid=1004 euid=1004 suid=1004 fsuid=1004 egid=1004 sgid=1004 fsgid=1004 tty=pts3 ses=15 comm="gzip" exe="/usr/bin/gzip" subj=unconfined key="fin_exec"ARCH=x86_64 SYSCALL=execve AUID="analyst" UID="mreynolds" GID="mreynolds" EUID="mreynolds" SUID="mreynolds" FSUID="mreynolds" EGID="mreynolds" SGID="mreynolds" FSGID="mreynolds"
type=EXECVE msg=audit(1788718641.528:818): argc=1 a0="gzip"
type=CWD msg=audit(1788718641.528:818): cwd="/home/analyst"
type=PATH msg=audit(1788718641.528:818): item=0 name="/usr/bin/gzip" inode=1633 dev=fc:00 mode=0100755 ouid=0 ogid=0 rdev=00:00 nametype=NORMAL cap_fp=0 cap_fi=0 cap_fe=0 cap_fver=0 cap_frootid=0OUID="root" OGID="root"
type=PATH msg=audit(1788718641.528:818): item=1 name="/lib64/ld-linux-x86-64.so.2" inode=53537 dev=fc:00 mode=0100755 ouid=0 ogid=0 rdev=00:00 nametype=NORMAL cap_fp=0 cap_fi=0 cap_fe=0 cap_fver=0 cap_frootid=0OUID="root" OGID="root"
type=PROCTITLE msg=audit(1788718641.528:818): proctitle="gzip"
type=SYSCALL msg=audit(1788718641.533:819): arch=c000003e syscall=59 success=yes exit=0 a0=583ecf7544f0 a1=583ecf754570 a2=583ecf74f940 a3=1 items=2 ppid=3299 pid=3303 auid=1000 uid=1004 gid=1004 euid=1004 suid=1004 fsuid=1004 egid=1004 sgid=1004 fsgid=1004 tty=pts3 ses=15 comm="curl" exe="/usr/bin/curl" subj=unconfined key="fin_exec"ARCH=x86_64 SYSCALL=execve AUID="analyst" UID="mreynolds" GID="mreynolds" EUID="mreynolds" SUID="mreynolds" FSUID="mreynolds" EGID="mreynolds" SGID="mreynolds" FSGID="mreynolds"
type=EXECVE msg=audit(1788718641.533:819): argc=10 a0="curl" a1="-k" a2="-s" a3="-X" a4="POST" a5="--data-binary" a6="@/tmp/finance-cache-mreynolds.tar.gz" a7="https://finance-sync.local/api/cache" a8="-o" a9="/tmp/cache-response.txt"
type=CWD msg=audit(1788718641.533:819): cwd="/home/analyst"
type=PATH msg=audit(1788718641.533:819): item=0 name="/usr/bin/curl" inode=11965 dev=fc:00 mode=0100755 ouid=0 ogid=0 rdev=00:00 nametype=NORMAL cap_fp=0 cap_fi=0 cap_fe=0 cap_fver=0 cap_frootid=0OUID="root" OGID="root"
type=PATH msg=audit(1788718641.533:819): item=1 name="/lib64/ld-linux-x86-64.so.2" inode=53537 dev=fc:00 mode=0100755 ouid=0 ogid=0 rdev=00:00 nametype=NORMAL cap_fp=0 cap_fi=0 cap_fe=0 cap_fver=0 cap_frootid=0OUID="root" OGID="root"
type=PROCTITLE msg=audit(1788718641.533:819): proctitle=6375726C002D6B002D73002D5800504F5354002D2D646174612D62696E61727900402F746D702F66696E616E63652D63616368652D6D7265796E6F6C64732E7461722E677A0068747470733A2F2F66696E616E63652D73796E632E6C6F63616C2F6170692F6361636865002D6F002F746D702F63616368652D726573706F6E73
type=SYSCALL msg=audit(1788718641.550:820): arch=c000003e syscall=59 success=yes exit=0 a0=583ecf753c50 a1=583ecf754570 a2=583ecf74f940 a3=583ecf754550 items=2 ppid=3299 pid=3305 auid=1000 uid=1004 gid=1004 euid=1004 suid=1004 fsuid=1004 egid=1004 sgid=1004 fsgid=1004 tty=pts3 ses=15 comm="rm" exe="/usr/bin/rm" subj=unconfined key="fin_exec"ARCH=x86_64 SYSCALL=execve AUID="analyst" UID="mreynolds" GID="mreynolds" EUID="mreynolds" SUID="mreynolds" FSUID="mreynolds" EGID="mreynolds" SGID="mreynolds" FSGID="mreynolds"
type=EXECVE msg=audit(1788718641.550:820): argc=3 a0="rm" a1="-f" a2="/tmp/finance-cache-mreynolds.tar.gz"
type=CWD msg=audit(1788718641.550:820): cwd="/home/analyst"
type=PATH msg=audit(1788718641.550:820): item=0 name="/usr/bin/rm" inode=16168 dev=fc:00 mode=0100755 ouid=0 ogid=0 rdev=00:00 nametype=NORMAL cap_fp=0 cap_fi=0 cap_fe=0 cap_fver=0 cap_frootid=0OUID="root" OGID="root"
type=PATH msg=audit(1788718641.550:820): item=1 name="/lib64/ld-linux-x86-64.so.2" inode=53537 dev=fc:00 mode=0100755 ouid=0 ogid=0 rdev=00:00 nametype=NORMAL cap_fp=0 cap_fi=0 cap_fe=0 cap_fver=0 cap_frootid=0OUID="root" OGID="root"
type=PROCTITLE msg=audit(1788718641.550:820): proctitle=726D002D66002F746D702F66696E616E63652D63616368652D6D7265796E6F6C64732E7461722E677A
type=USER_END msg=audit(1788718641.554:821): pid=3297 uid=1000 auid=1000 ses=15 subj=unconfined msg='op=PAM:session_close grantors=pam_limits,pam_env,pam_env,pam_permit,pam_umask,pam_unix acct="mreynolds" exe="/usr/bin/sudo" hostname=? addr=? terminal=/dev/pts/2 res=success'UID="analyst" AUID="analyst"
type=CRED_DISP msg=audit(1788718641.554:822): pid=3297 uid=1000 auid=1000 ses=15 subj=unconfined msg='op=PAM:setcred grantors=pam_permit acct="mreynolds" exe="/usr/bin/sudo" hostname=? addr=? terminal=/dev/pts/2 res=success'UID="analyst" AUID="analyst"
type=USER_ACCT msg=audit(1788718682.948:823): pid=3306 uid=0 auid=4294967295 ses=4294967295 subj=unconfined msg='op=PAM:accounting grantors=pam_permit acct="root" exe="/usr/sbin/cron" hostname=? addr=? terminal=cron res=success'UID="root" AUID="unset"
type=CRED_ACQ msg=audit(1788718682.950:824): pid=3306 uid=0 auid=4294967295 ses=4294967295 subj=unconfined msg='op=PAM:setcred grantors=pam_permit,pam_cap acct="root" exe="/usr/sbin/cron" hostname=? addr=? terminal=cron res=success'UID="root" AUID="unset"
type=LOGIN msg=audit(1788718683.001:825): pid=3306 uid=0 subj=unconfined old-auid=4294967295 auid=0 tty=(none) old-ses=4294967295 ses=54 res=1UID="root" OLD-AUID="unset" AUID="root"
type=SYSCALL msg=audit(1788718683.001:825): arch=c000003e syscall=1 success=yes exit=1 a0=7 a1=7fff8ab13e80 a2=1 a3=0 items=0 ppid=864 pid=3306 auid=0 uid=0 gid=0 euid=0 suid=0 fsuid=0 egid=0 sgid=0 fsgid=0 tty=(none) ses=54 comm="cron" exe="/usr/sbin/cron" subj=unconfined key=(null)ARCH=x86_64 SYSCALL=write AUID="root" UID="root" GID="root" EUID="root" SUID="root" FSUID="root" EGID="root" SGID="root" FSGID="root"
type=PROCTITLE msg=audit(1788718683.001:825): proctitle=2F7573722F7362696E2F43524F4E002D66002D50
type=USER_START msg=audit(1788718683.001:826): pid=3306 uid=0 auid=0 ses=54 subj=unconfined msg='op=PAM:session_open grantors=pam_loginuid,pam_env,pam_env,pam_permit,pam_umask,pam_unix,pam_limits acct="root" exe="/usr/sbin/cron" hostname=? addr=? terminal=cron res=success'UID="root" AUID="root"
type=CRED_REFR msg=audit(1788718683.002:827): pid=3307 uid=0 auid=0 ses=54 subj=unconfined msg='op=PAM:setcred grantors=pam_permit,pam_cap acct="root" exe="/usr/sbin/cron" hostname=? addr=? terminal=cron res=success'UID="root" AUID="root"
type=CRED_DISP msg=audit(1788718683.022:828): pid=3306 uid=0 auid=0 ses=54 subj=unconfined msg='op=PAM:setcred grantors=pam_permit acct="root" exe="/usr/sbin/cron" hostname=? addr=? terminal=cron res=success'UID="root" AUID="root"
type=USER_END msg=audit(1788718683.022:829): pid=3306 uid=0 auid=0 ses=54 subj=unconfined msg='op=PAM:session_close grantors=pam_loginuid,pam_env,pam_env,pam_permit,pam_umask,pam_unix,pam_limits acct="root" exe="/usr/sbin/cron" hostname=? addr=? terminal=cron res=success'UID="root" AUID="root"
type=USER_ACCT msg=audit(1788718684.431:830): pid=3315 uid=1000 auid=1000 ses=15 subj=unconfined msg='op=PAM:accounting grantors=pam_permit acct="analyst" exe="/usr/bin/sudo" hostname=? addr=? terminal=/dev/pts/2 res=success'UID="analyst" AUID="analyst"
type=USER_CMD msg=audit(1788718684.432:831): pid=3315 uid=1000 auid=1000 ses=15 subj=unconfined msg='cwd="/home/analyst" cmd=636174202F746D702F63616368652D726573706F6E73652E747874 exe="/usr/bin/sudo" terminal=pts/2 res=success'UID="analyst" AUID="analyst"
type=CRED_REFR msg=audit(1788718684.434:832): pid=3315 uid=1000 auid=1000 ses=15 subj=unconfined msg='op=PAM:setcred grantors=pam_permit,pam_cap acct="root" exe="/usr/bin/sudo" hostname=? addr=? terminal=/dev/pts/2 res=success'UID="analyst" AUID="analyst"
type=USER_START msg=audit(1788718684.434:833): pid=3315 uid=1000 auid=1000 ses=15 subj=unconfined msg='op=PAM:session_open grantors=pam_limits,pam_env,pam_env,pam_permit,pam_umask,pam_unix acct="root" exe="/usr/bin/sudo" hostname=? addr=? terminal=/dev/pts/2 res=success'UID="analyst" AUID="analyst"
type=USER_END msg=audit(1788718684.438:834): pid=3315 uid=1000 auid=1000 ses=15 subj=unconfined msg='op=PAM:session_close grantors=pam_limits,pam_env,pam_env,pam_permit,pam_umask,pam_unix acct="root" exe="/usr/bin/sudo" hostname=? addr=? terminal=/dev/pts/2 res=success'UID="analyst" AUID="analyst"
type=CRED_DISP msg=audit(1788718684.439:835): pid=3315 uid=1000 auid=1000 ses=15 subj=unconfined msg='op=PAM:setcred grantors=pam_permit acct="root" exe="/usr/bin/sudo" hostname=? addr=? terminal=/dev/pts/2 res=success'UID="analyst" AUID="analyst"
type=ANOM_PROMISCUOUS msg=audit(1788718723.302:836): dev=enp0s3 prom=0 old_prom=256 auid=1000 uid=105 gid=107 ses=4AUID="analyst" UID="tcpdump" GID="tcpdump"
type=SYSCALL msg=audit(1788718723.302:836): arch=c000003e syscall=3 success=yes exit=0 a0=4 a1=63c83a7cdd00 a2=63ce06fd8f5d a3=63c83a7cdd10 items=0 ppid=3262 pid=3263 auid=1000 uid=105 gid=107 euid=105 suid=105 fsuid=105 egid=107 sgid=107 fsgid=107 tty=pts1 ses=4 comm="tcpdump" exe="/usr/bin/tcpdump" subj=tcpdump key=(null)ARCH=x86_64 SYSCALL=close AUID="analyst" UID="tcpdump" GID="tcpdump" EUID="tcpdump" SUID="tcpdump" FSUID="tcpdump" EGID="tcpdump" SGID="tcpdump" FSGID="tcpdump"
type=PROCTITLE msg=audit(1788718723.302:836): proctitle=74637064756D70002D6900656E7030733300686F7374003139382E35312E3130302E373700616E6400706F727400343433002D77002F686F6D652F616E616C7973742F7469636B65742D3030362D6C61622F65766964656E63652F66696E2D777331372D66696E616C2D68747470732E70636170
type=USER_END msg=audit(1788718723.327:837): pid=3261 uid=1000 auid=1000 ses=4 subj=unconfined msg='op=PAM:session_close grantors=pam_limits,pam_env,pam_env,pam_permit,pam_umask,pam_unix acct="root" exe="/usr/bin/sudo" hostname=? addr=? terminal=/dev/pts/0 res=success'UID="analyst" AUID="analyst"
type=CRED_DISP msg=audit(1788718723.327:838): pid=3261 uid=1000 auid=1000 ses=4 subj=unconfined msg='op=PAM:setcred grantors=pam_permit acct="root" exe="/usr/bin/sudo" hostname=? addr=? terminal=/dev/pts/0 res=success'UID="analyst" AUID="analyst"
type=USER_ACCT msg=audit(1788718728.590:839): pid=3318 uid=1000 auid=1000 ses=4 subj=unconfined msg='op=PAM:accounting grantors=pam_permit acct="analyst" exe="/usr/bin/sudo" hostname=? addr=? terminal=/dev/pts/0 res=success'UID="analyst" AUID="analyst"
type=USER_CMD msg=audit(1788718728.595:840): pid=3318 uid=1000 auid=1000 ses=4 subj=unconfined msg='cwd="/home/analyst" cmd=6C73202D6C68202F686F6D652F616E616C7973742F7469636B65742D3030362D6C61622F65766964656E63652F66696E2D777331372D66696E616C2D68747470732E70636170 exe="/usr/bin/sudo" terminal=pts/0 res=success'UID="analyst" AUID="analyst"
type=CRED_REFR msg=audit(1788718728.595:841): pid=3318 uid=1000 auid=1000 ses=4 subj=unconfined msg='op=PAM:setcred grantors=pam_permit,pam_cap acct="root" exe="/usr/bin/sudo" hostname=? addr=? terminal=/dev/pts/0 res=success'UID="analyst" AUID="analyst"
type=USER_START msg=audit(1788718728.596:842): pid=3318 uid=1000 auid=1000 ses=4 subj=unconfined msg='op=PAM:session_open grantors=pam_limits,pam_env,pam_env,pam_permit,pam_umask,pam_unix acct="root" exe="/usr/bin/sudo" hostname=? addr=? terminal=/dev/pts/0 res=success'UID="analyst" AUID="analyst"
type=USER_END msg=audit(1788718728.601:843): pid=3318 uid=1000 auid=1000 ses=4 subj=unconfined msg='op=PAM:session_close grantors=pam_limits,pam_env,pam_env,pam_permit,pam_umask,pam_unix acct="root" exe="/usr/bin/sudo" hostname=? addr=? terminal=/dev/pts/0 res=success'UID="analyst" AUID="analyst"
type=CRED_DISP msg=audit(1788718728.601:844): pid=3318 uid=1000 auid=1000 ses=4 subj=unconfined msg='op=PAM:setcred grantors=pam_permit acct="root" exe="/usr/bin/sudo" hostname=? addr=? terminal=/dev/pts/0 res=success'UID="analyst" AUID="analyst"
type=USER_ACCT msg=audit(1788718741.024:845): pid=3321 uid=0 auid=4294967295 ses=4294967295 subj=unconfined msg='op=PAM:accounting grantors=pam_permit acct="root" exe="/usr/sbin/cron" hostname=? addr=? terminal=cron res=success'UID="root" AUID="unset"
type=CRED_ACQ msg=audit(1788718741.027:846): pid=3321 uid=0 auid=4294967295 ses=4294967295 subj=unconfined msg='op=PAM:setcred grantors=pam_permit,pam_cap acct="root" exe="/usr/sbin/cron" hostname=? addr=? terminal=cron res=success'UID="root" AUID="unset"
type=LOGIN msg=audit(1788718741.028:847): pid=3321 uid=0 subj=unconfined old-auid=4294967295 auid=0 tty=(none) old-ses=4294967295 ses=55 res=1UID="root" OLD-AUID="unset" AUID="root"
type=SYSCALL msg=audit(1788718741.028:847): arch=c000003e syscall=1 success=yes exit=1 a0=7 a1=7fff8ab13e80 a2=1 a3=0 items=0 ppid=864 pid=3321 auid=0 uid=0 gid=0 euid=0 suid=0 fsuid=0 egid=0 sgid=0 fsgid=0 tty=(none) ses=55 comm="cron" exe="/usr/sbin/cron" subj=unconfined key=(null)ARCH=x86_64 SYSCALL=write AUID="root" UID="root" GID="root" EUID="root" SUID="root" FSUID="root" EGID="root" SGID="root" FSGID="root"
type=PROCTITLE msg=audit(1788718741.028:847): proctitle=2F7573722F7362696E2F43524F4E002D66002D50
type=USER_START msg=audit(1788718741.029:848): pid=3321 uid=0 auid=0 ses=55 subj=unconfined msg='op=PAM:session_open grantors=pam_loginuid,pam_env,pam_env,pam_permit,pam_umask,pam_unix,pam_limits acct="root" exe="/usr/sbin/cron" hostname=? addr=? terminal=cron res=success'UID="root" AUID="root"
type=CRED_REFR msg=audit(1788718741.031:849): pid=3322 uid=0 auid=0 ses=55 subj=unconfined msg='op=PAM:setcred grantors=pam_permit,pam_cap acct="root" exe="/usr/sbin/cron" hostname=? addr=? terminal=cron res=success'UID="root" AUID="root"
type=CRED_DISP msg=audit(1788718741.058:850): pid=3321 uid=0 auid=0 ses=55 subj=unconfined msg='op=PAM:setcred grantors=pam_permit acct="root" exe="/usr/sbin/cron" hostname=? addr=? terminal=cron res=success'UID="root" AUID="root"
type=USER_END msg=audit(1788718741.058:851): pid=3321 uid=0 auid=0 ses=55 subj=unconfined msg='op=PAM:session_close grantors=pam_loginuid,pam_env,pam_env,pam_permit,pam_umask,pam_unix,pam_limits acct="root" exe="/usr/sbin/cron" hostname=? addr=? terminal=cron res=success'UID="root" AUID="root"
type=USER_ACCT msg=audit(1788718771.082:852): pid=3330 uid=1000 auid=1000 ses=4 subj=unconfined msg='op=PAM:accounting grantors=pam_permit acct="analyst" exe="/usr/bin/sudo" hostname=? addr=? terminal=/dev/pts/0 res=success'UID="analyst" AUID="analyst"
type=USER_CMD msg=audit(1788718771.083:853): pid=3330 uid=1000 auid=1000 ses=4 subj=unconfined msg='cwd="/home/analyst" cmd=6370202F7661722F6C6F672F61756469742F61756469742E6C6F67202F686F6D652F616E616C7973742F7469636B65742D3030362D6C61622F65766964656E63652F66696E2D777331372D66696E616C2D61756469742E6C6F67 exe="/usr/bin/sudo" terminal=pts/0 res=success'UID="analyst" AUID="analyst"
type=CRED_REFR msg=audit(1788718771.083:854): pid=3330 uid=1000 auid=1000 ses=4 subj=unconfined msg='op=PAM:setcred grantors=pam_permit,pam_cap acct="root" exe="/usr/bin/sudo" hostname=? addr=? terminal=/dev/pts/0 res=success'UID="analyst" AUID="analyst"
type=USER_START msg=audit(1788718771.083:855): pid=3330 uid=1000 auid=1000 ses=4 subj=unconfined msg='op=PAM:session_open grantors=pam_limits,pam_env,pam_env,pam_permit,pam_umask,pam_unix acct="root" exe="/usr/bin/sudo" hostname=? addr=? terminal=/dev/pts/0 res=success'UID="analyst" AUID="analyst"
